
Discarded input sections

 .llvm_addrsig  0x0000000000000000        0x8 mat_mul.o
 .llvm_addrsig  0x0000000000000000        0x7 printf.o

Memory Configuration

Name             Origin             Length             Attributes
*default*        0x0000000000000000 0xffffffffffffffff

Linker script and memory map

LOAD /opt/riscv/lib/gcc/riscv64-unknown-elf/12.2.0/rv32im/ilp32/libgcc.a
LOAD crt0.o
LOAD mat_mul.o
LOAD printf.o
LOAD /opt/riscv/lib/gcc/riscv64-unknown-elf/12.2.0/rv32im/ilp32/libgcc.a
START GROUP
LOAD /opt/riscv/lib/gcc/riscv64-unknown-elf/12.2.0/../../../../riscv64-unknown-elf/lib/rv32im/ilp32/libc.a
LOAD /opt/riscv/lib/gcc/riscv64-unknown-elf/12.2.0/../../../../riscv64-unknown-elf/lib/rv32im/ilp32/libgloss.a
END GROUP
LOAD /opt/riscv/lib/gcc/riscv64-unknown-elf/12.2.0/rv32im/ilp32/libgcc.a

.text           0x0000000000000000      0xcfa
 *(.text*)
 .text          0x0000000000000000        0x0 crt0.o
 .text.init     0x0000000000000000       0x44 crt0.o
                0x0000000000000000                _start
                0x0000000000000016                _finish
 *fill*         0x0000000000000044        0x0 
 .text          0x0000000000000044      0x40c mat_mul.o
                0x0000000000000044                __bcc_init70
                0x0000000000000066                print
                0x000000000000014a                product
                0x00000000000002c6                init
                0x00000000000003c4                main
 *fill*         0x0000000000000450        0x0 
 .text          0x0000000000000450      0x8aa printf.o
                0x0000000000000450                whisperPrintfImpl
                0x0000000000000bc4                whisperPrintf
                0x0000000000000c04                putchar
                0x0000000000000c1e                putc
                0x0000000000000c3c                puts
                0x0000000000000c56                printf
                0x0000000000000c98                get_mcycle
                0x0000000000000cfa                _end = .
                0x00000000d0580000                . = 0xd0580000

.data.io        0x00000000d0580000        0x4
 *(.data.io)
 .data.io       0x00000000d0580000        0x4 crt0.o
                0x00000000d0580000                tohost
                0x00000000f0040000                . = 0xf0040000

.data           0x00000000f0040000       0xd1
 *(.*data)
 .rodata        0x00000000f0040000       0x84 printf.o
 *(.rodata*)
 .rodata.str1.1
                0x00000000f0040084       0x1d mat_mul.o
                                         0x1f (size before relaxing)
 *(.*bss)
 .bss           0x00000000f00400a1       0x30 mat_mul.o
                0x00000000f00400a1                A
                0x00000000f00400b1                B
                0x00000000f00400c1                C
                0x00000000f00410e0                STACK = (ALIGN (0x10) + 0x1000)
                0x00000000fffffff8                . = 0xfffffff8

.data.ctl       0x00000000fffffff8        0x8
                0x00000000fffffff8        0x4 LONG 0xf0040000
                0x00000000fffffffc        0x4 LONG 0xf00410e0 STACK
OUTPUT(mat_mul.exe elf32-littleriscv)

.rela.dyn       0x0000000100000000        0x0
 .rela.text.init
                0x0000000100000000        0x0 crt0.o

.comment        0x0000000000000000       0x70
 .comment       0x0000000000000000       0x70 mat_mul.o
                                         0x71 (size before relaxing)
 .comment       0x0000000000000070       0x71 printf.o

.note.GNU-stack
                0x0000000000000000        0x0
 .note.GNU-stack
                0x0000000000000000        0x0 mat_mul.o
 .note.GNU-stack
                0x0000000000000000        0x0 printf.o

.riscv.attributes
                0x0000000000000000       0x2b
 .riscv.attributes
                0x0000000000000000       0x2b mat_mul.o
 .riscv.attributes
                0x000000000000002b       0x2b printf.o
