
Discarded input sections

 .llvm_addrsig  0x0000000000000000        0x8 mat_mul.o
 .llvm_addrsig  0x0000000000000000        0x7 printf.o

Memory Configuration

Name             Origin             Length             Attributes
*default*        0x0000000000000000 0xffffffffffffffff

Linker script and memory map

LOAD /opt/riscv/lib/gcc/riscv64-unknown-elf/12.2.0/rv32im/ilp32/libgcc.a
LOAD crt0.o
LOAD mat_mul.o
LOAD printf.o
LOAD /opt/riscv/lib/gcc/riscv64-unknown-elf/12.2.0/rv32im/ilp32/libgcc.a
START GROUP
LOAD /opt/riscv/lib/gcc/riscv64-unknown-elf/12.2.0/../../../../riscv64-unknown-elf/lib/rv32im/ilp32/libc.a
LOAD /opt/riscv/lib/gcc/riscv64-unknown-elf/12.2.0/../../../../riscv64-unknown-elf/lib/rv32im/ilp32/libgloss.a
END GROUP
LOAD /opt/riscv/lib/gcc/riscv64-unknown-elf/12.2.0/rv32im/ilp32/libgcc.a
                0x0000000000000000                . = 0x0

.text           0x0000000000000000      0xce8
 *(.text*)
 .text          0x0000000000000000        0x0 crt0.o
 .text.init     0x0000000000000000       0x44 crt0.o
                0x0000000000000000                _start
                0x0000000000000016                _finish
 *fill*         0x0000000000000044        0x0 
 .text          0x0000000000000044      0x3fa mat_mul.o
                0x0000000000000044                __bcc_init70
                0x0000000000000066                print
                0x0000000000000142                product
                0x00000000000002be                init
                0x00000000000003bc                main
 *fill*         0x000000000000043e        0x2 
 .text          0x0000000000000440      0x8a8 printf.o
                0x0000000000000440                whisperPrintfImpl
                0x0000000000000bb2                whisperPrintf
                0x0000000000000bf2                putchar
                0x0000000000000c0c                putc
                0x0000000000000c2a                puts
                0x0000000000000c44                printf
                0x0000000000000c86                get_mcycle
                0x0000000000000ce8                _end = .
                0x0000000000010000                . = 0x10000

.data           0x0000000000010000       0xa1
 *(.*data)
 .rodata        0x0000000000010000       0x84 printf.o
 *(.rodata*)
 .rodata.str1.1
                0x0000000000010084       0x1d mat_mul.o
                                         0x1f (size before relaxing)
                0x000000000001c0b0                STACK = (ALIGN (0x10) + 0xc000)

.rela.dyn       0x00000000000100a4        0x0
 .rela.text.init
                0x00000000000100a4        0x0 crt0.o

.bss            0x00000000000100a1       0x30
 *(.bss)
 .bss           0x00000000000100a1       0x30 mat_mul.o
                0x00000000000100a1                A
                0x00000000000100b1                B
                0x00000000000100c1                C
                0x00000000d0580000                . = 0xd0580000

.data.io        0x00000000d0580000        0x4
 *(.data.io)
 .data.io       0x00000000d0580000        0x4 crt0.o
                0x00000000d0580000                tohost
OUTPUT(mat_mul.exe elf32-littleriscv)

.comment        0x0000000000000000       0x70
 .comment       0x0000000000000000       0x70 mat_mul.o
                                         0x71 (size before relaxing)
 .comment       0x0000000000000070       0x71 printf.o

.note.GNU-stack
                0x0000000000000000        0x0
 .note.GNU-stack
                0x0000000000000000        0x0 mat_mul.o
 .note.GNU-stack
                0x0000000000000000        0x0 printf.o

.riscv.attributes
                0x0000000000000000       0x2b
 .riscv.attributes
                0x0000000000000000       0x2b mat_mul.o
 .riscv.attributes
                0x000000000000002b       0x2b printf.o
