Archive member included to satisfy reference by file (symbol)

/opt/riscv/lib/gcc/riscv64-unknown-elf/12.2.0/../../../../riscv64-unknown-elf/lib/rv32im/ilp32/libc.a(lib_a-rand.o)
                              polynomial_sparrow.o (srand)
/opt/riscv/lib/gcc/riscv64-unknown-elf/12.2.0/../../../../riscv64-unknown-elf/lib/rv32im/ilp32/libc.a(lib_a-impure.o)
                              /opt/riscv/lib/gcc/riscv64-unknown-elf/12.2.0/../../../../riscv64-unknown-elf/lib/rv32im/ilp32/libc.a(lib_a-rand.o) (_impure_ptr)

Discarded input sections

 .llvm_addrsig  0x0000000000000000        0x8 polynomial_sparrow.o
 .llvm_addrsig  0x0000000000000000        0x7 printf.o

Memory Configuration

Name             Origin             Length             Attributes
*default*        0x0000000000000000 0xffffffffffffffff

Linker script and memory map

LOAD /opt/riscv/lib/gcc/riscv64-unknown-elf/12.2.0/rv32im/ilp32/libgcc.a
LOAD crt0.o
LOAD polynomial_sparrow.o
LOAD printf.o
LOAD /opt/riscv/lib/gcc/riscv64-unknown-elf/12.2.0/rv32im/ilp32/libgcc.a
START GROUP
LOAD /opt/riscv/lib/gcc/riscv64-unknown-elf/12.2.0/../../../../riscv64-unknown-elf/lib/rv32im/ilp32/libc.a
LOAD /opt/riscv/lib/gcc/riscv64-unknown-elf/12.2.0/../../../../riscv64-unknown-elf/lib/rv32im/ilp32/libgloss.a
END GROUP
LOAD /opt/riscv/lib/gcc/riscv64-unknown-elf/12.2.0/rv32im/ilp32/libgcc.a
                0x0000000000000000                . = 0x0

.text           0x0000000000000000      0xb3c
 *(.text*)
 .text          0x0000000000000000        0x0 crt0.o
 .text.init     0x0000000000000000       0x44 crt0.o
                0x0000000000000000                _start
                0x0000000000000016                _finish
 *fill*         0x0000000000000044        0x0 
 .text          0x0000000000000044      0x1e2 polynomial_sparrow.o
                0x0000000000000044                equation
                0x00000000000000f6                init
                0x0000000000000166                print
                0x00000000000001c8                main
 *fill*         0x0000000000000226        0x2 
 .text          0x0000000000000228      0x8a8 printf.o
                0x0000000000000228                whisperPrintfImpl
                0x000000000000099a                whisperPrintf
                0x00000000000009da                putchar
                0x00000000000009f4                putc
                0x0000000000000a12                puts
                0x0000000000000a2c                printf
                0x0000000000000a6e                get_mcycle
 *fill*         0x0000000000000ad0        0x0 
 .text          0x0000000000000ad0        0x0 /opt/riscv/lib/gcc/riscv64-unknown-elf/12.2.0/../../../../riscv64-unknown-elf/lib/rv32im/ilp32/libc.a(lib_a-rand.o)
 .text.srand    0x0000000000000ad0       0x14 /opt/riscv/lib/gcc/riscv64-unknown-elf/12.2.0/../../../../riscv64-unknown-elf/lib/rv32im/ilp32/libc.a(lib_a-rand.o)
                0x0000000000000ad0                srand
 .text.rand     0x0000000000000ae4       0x58 /opt/riscv/lib/gcc/riscv64-unknown-elf/12.2.0/../../../../riscv64-unknown-elf/lib/rv32im/ilp32/libc.a(lib_a-rand.o)
                0x0000000000000ae4                rand
 .text          0x0000000000000b3c        0x0 /opt/riscv/lib/gcc/riscv64-unknown-elf/12.2.0/../../../../riscv64-unknown-elf/lib/rv32im/ilp32/libc.a(lib_a-impure.o)
                0x0000000000000b3c                _end = .

.srodata._global_impure_ptr
                0x0000000000000b3c        0x4
 .srodata._global_impure_ptr
                0x0000000000000b3c        0x4 /opt/riscv/lib/gcc/riscv64-unknown-elf/12.2.0/../../../../riscv64-unknown-elf/lib/rv32im/ilp32/libc.a(lib_a-impure.o)
                0x0000000000000b3c                _global_impure_ptr

.rela.dyn       0x0000000000000b40        0x0
 .rela.text.init
                0x0000000000000b40        0x0 crt0.o
                0x0000000000010000                . = 0x10000

.data           0x0000000000010000      0x4be
 *(.*data)
 .sdata         0x0000000000010000        0xc polynomial_sparrow.o
                0x0000000000010000                A
                0x0000000000010004                B
                0x0000000000010008                C
 .rodata        0x000000000001000c       0x84 printf.o
 .data          0x0000000000010090        0x0 /opt/riscv/lib/gcc/riscv64-unknown-elf/12.2.0/../../../../riscv64-unknown-elf/lib/rv32im/ilp32/libc.a(lib_a-rand.o)
 .data          0x0000000000010090        0x0 /opt/riscv/lib/gcc/riscv64-unknown-elf/12.2.0/../../../../riscv64-unknown-elf/lib/rv32im/ilp32/libc.a(lib_a-impure.o)
 .data.impure_data
                0x0000000000010090      0x428 /opt/riscv/lib/gcc/riscv64-unknown-elf/12.2.0/../../../../riscv64-unknown-elf/lib/rv32im/ilp32/libc.a(lib_a-impure.o)
 *(.rodata*)
 .rodata.str1.1
                0x00000000000104b8        0x6 polynomial_sparrow.o
                0x000000000001c4c0                STACK = (ALIGN (0x10) + 0xc000)

.sdata._impure_ptr
                0x00000000000104c0        0x4
 .sdata._impure_ptr
                0x00000000000104c0        0x4 /opt/riscv/lib/gcc/riscv64-unknown-elf/12.2.0/../../../../riscv64-unknown-elf/lib/rv32im/ilp32/libc.a(lib_a-impure.o)
                0x00000000000104c0                _impure_ptr

.bss            0x00000000000104c4        0x0
 *(.bss)
 .bss           0x00000000000104c4        0x0 /opt/riscv/lib/gcc/riscv64-unknown-elf/12.2.0/../../../../riscv64-unknown-elf/lib/rv32im/ilp32/libc.a(lib_a-rand.o)
 .bss           0x00000000000104c4        0x0 /opt/riscv/lib/gcc/riscv64-unknown-elf/12.2.0/../../../../riscv64-unknown-elf/lib/rv32im/ilp32/libc.a(lib_a-impure.o)
                0x00000000d0580000                . = 0xd0580000

.data.io        0x00000000d0580000        0x4
 *(.data.io)
 .data.io       0x00000000d0580000        0x4 crt0.o
                0x00000000d0580000                tohost
OUTPUT(polynomial_sparrow.exe elf32-littleriscv)

.comment        0x0000000000000000       0x82
 .comment       0x0000000000000000       0x70 polynomial_sparrow.o
                                         0x71 (size before relaxing)
 .comment       0x0000000000000070       0x71 printf.o
 .comment       0x0000000000000070       0x12 /opt/riscv/lib/gcc/riscv64-unknown-elf/12.2.0/../../../../riscv64-unknown-elf/lib/rv32im/ilp32/libc.a(lib_a-rand.o)
                                         0x13 (size before relaxing)
 .comment       0x0000000000000082       0x13 /opt/riscv/lib/gcc/riscv64-unknown-elf/12.2.0/../../../../riscv64-unknown-elf/lib/rv32im/ilp32/libc.a(lib_a-impure.o)

.note.GNU-stack
                0x0000000000000000        0x0
 .note.GNU-stack
                0x0000000000000000        0x0 polynomial_sparrow.o
 .note.GNU-stack
                0x0000000000000000        0x0 printf.o

.riscv.attributes
                0x0000000000000000       0x2b
 .riscv.attributes
                0x0000000000000000       0x2b polynomial_sparrow.o
 .riscv.attributes
                0x000000000000002b       0x2b printf.o
 .riscv.attributes
                0x0000000000000056       0x21 /opt/riscv/lib/gcc/riscv64-unknown-elf/12.2.0/../../../../riscv64-unknown-elf/lib/rv32im/ilp32/libc.a(lib_a-rand.o)
 .riscv.attributes
                0x0000000000000077       0x21 /opt/riscv/lib/gcc/riscv64-unknown-elf/12.2.0/../../../../riscv64-unknown-elf/lib/rv32im/ilp32/libc.a(lib_a-impure.o)
