
Discarded input sections

 .llvm_addrsig  0x0000000000000000        0x6 filter_sparrow.o
 .llvm_addrsig  0x0000000000000000        0x7 printf.o

Memory Configuration

Name             Origin             Length             Attributes
*default*        0x0000000000000000 0xffffffffffffffff

Linker script and memory map

LOAD /opt/riscv/lib/gcc/riscv64-unknown-elf/12.2.0/rv32im/ilp32/libgcc.a
LOAD crt0.o
LOAD filter_sparrow.o
LOAD printf.o
LOAD /opt/riscv/lib/gcc/riscv64-unknown-elf/12.2.0/rv32im/ilp32/libgcc.a
START GROUP
LOAD /opt/riscv/lib/gcc/riscv64-unknown-elf/12.2.0/../../../../riscv64-unknown-elf/lib/rv32im/ilp32/libc.a
LOAD /opt/riscv/lib/gcc/riscv64-unknown-elf/12.2.0/../../../../riscv64-unknown-elf/lib/rv32im/ilp32/libgloss.a
END GROUP
LOAD /opt/riscv/lib/gcc/riscv64-unknown-elf/12.2.0/rv32im/ilp32/libgcc.a
                0x0000000000000000                . = 0x0

.text           0x0000000000000000      0xe24
 *(.text*)
 .text          0x0000000000000000        0x0 crt0.o
 .text.init     0x0000000000000000       0x44 crt0.o
                0x0000000000000000                _start
                0x0000000000000016                _finish
 *fill*         0x0000000000000044        0x0 
 .text          0x0000000000000044      0x536 filter_sparrow.o
                0x0000000000000044                __bcc_init70
                0x0000000000000066                filter
                0x00000000000002d6                print
                0x000000000000037c                print_source
                0x0000000000000422                init
                0x00000000000004e4                main
 *fill*         0x000000000000057a        0x2 
 .text          0x000000000000057c      0x8a8 printf.o
                0x000000000000057c                whisperPrintfImpl
                0x0000000000000cee                whisperPrintf
                0x0000000000000d2e                putchar
                0x0000000000000d48                putc
                0x0000000000000d66                puts
                0x0000000000000d80                printf
                0x0000000000000dc2                get_mcycle
                0x0000000000000e24                _end = .

.rela.dyn       0x0000000000000e24        0x0
 .rela.text.init
                0x0000000000000e24        0x0 crt0.o
                0x0000000000010000                . = 0x10000

.data           0x0000000000010000       0xc7
 *(.*data)
 .data          0x0000000000010000        0xc filter_sparrow.o
                0x0000000000010000                f
 .rodata        0x000000000001000c       0x84 printf.o
 *(.rodata*)
 .rodata.str1.1
                0x0000000000010090       0x37 filter_sparrow.o
                                         0x39 (size before relaxing)
                0x000000000001c0d0                STACK = (ALIGN (0x10) + 0xc000)

.bss            0x00000000000100c7     0x4000
 *(.bss)
 .bss           0x00000000000100c7     0x4000 filter_sparrow.o
                0x00000000000100c7                source
                0x00000000d0580000                . = 0xd0580000

.data.io        0x00000000d0580000        0x4
 *(.data.io)
 .data.io       0x00000000d0580000        0x4 crt0.o
                0x00000000d0580000                tohost
OUTPUT(filter_sparrow.exe elf32-littleriscv)

.comment        0x0000000000000000       0x70
 .comment       0x0000000000000000       0x70 filter_sparrow.o
                                         0x71 (size before relaxing)
 .comment       0x0000000000000070       0x71 printf.o

.note.GNU-stack
                0x0000000000000000        0x0
 .note.GNU-stack
                0x0000000000000000        0x0 filter_sparrow.o
 .note.GNU-stack
                0x0000000000000000        0x0 printf.o

.riscv.attributes
                0x0000000000000000       0x2b
 .riscv.attributes
                0x0000000000000000       0x2b filter_sparrow.o
 .riscv.attributes
                0x000000000000002b       0x2b printf.o
