
Discarded input sections

 .llvm_addrsig  0x0000000000000000        0x5 grayscale_sparrow.o
 .llvm_addrsig  0x0000000000000000        0x7 printf.o

Memory Configuration

Name             Origin             Length             Attributes
*default*        0x0000000000000000 0xffffffffffffffff

Linker script and memory map

LOAD /opt/riscv/lib/gcc/riscv64-unknown-elf/12.2.0/rv32im/ilp32/libgcc.a
LOAD crt0.o
LOAD grayscale_sparrow.o
LOAD printf.o
LOAD /opt/riscv/lib/gcc/riscv64-unknown-elf/12.2.0/rv32im/ilp32/libgcc.a
START GROUP
LOAD /opt/riscv/lib/gcc/riscv64-unknown-elf/12.2.0/../../../../riscv64-unknown-elf/lib/rv32im/ilp32/libc.a
LOAD /opt/riscv/lib/gcc/riscv64-unknown-elf/12.2.0/../../../../riscv64-unknown-elf/lib/rv32im/ilp32/libgloss.a
END GROUP
LOAD /opt/riscv/lib/gcc/riscv64-unknown-elf/12.2.0/rv32im/ilp32/libgcc.a
                0x0000000000000000                . = 0x0

.text           0x0000000000000000      0xd8c
 *(.text*)
 .text          0x0000000000000000        0x0 crt0.o
 .text.init     0x0000000000000000       0x44 crt0.o
                0x0000000000000000                _start
                0x0000000000000016                _finish
 *fill*         0x0000000000000044        0x0 
 .text          0x0000000000000044      0x4a0 grayscale_sparrow.o
                0x0000000000000044                grayscale
                0x0000000000000176                print_in
                0x0000000000000228                print
                0x0000000000000344                init
                0x000000000000044e                main
 *fill*         0x00000000000004e4        0x0 
 .text          0x00000000000004e4      0x8a8 printf.o
                0x00000000000004e4                whisperPrintfImpl
                0x0000000000000c56                whisperPrintf
                0x0000000000000c96                putchar
                0x0000000000000cb0                putc
                0x0000000000000cce                puts
                0x0000000000000ce8                printf
                0x0000000000000d2a                get_mcycle
                0x0000000000000d8c                _end = .
                0x0000000000010000                . = 0x10000

.data           0x0000000000010000       0xbd
 *(.*data)
 .rodata        0x0000000000010000       0x84 printf.o
 *(.rodata*)
 .rodata.str1.1
                0x0000000000010084       0x39 grayscale_sparrow.o
                                         0x45 (size before relaxing)
                0x000000000001c0c0                STACK = (ALIGN (0x10) + 0xc000)

.rela.dyn       0x00000000000100c0        0x0
 .rela.text.init
                0x00000000000100c0        0x0 crt0.o

.bss            0x00000000000100bd    0x10000
 *(.bss)
 .bss           0x00000000000100bd    0x10000 grayscale_sparrow.o
                0x00000000000100bd                source
                0x00000000d0580000                . = 0xd0580000

.data.io        0x00000000d0580000        0x4
 *(.data.io)
 .data.io       0x00000000d0580000        0x4 crt0.o
                0x00000000d0580000                tohost
OUTPUT(grayscale_sparrow.exe elf32-littleriscv)

.comment        0x0000000000000000       0x70
 .comment       0x0000000000000000       0x70 grayscale_sparrow.o
                                         0x71 (size before relaxing)
 .comment       0x0000000000000070       0x71 printf.o

.note.GNU-stack
                0x0000000000000000        0x0
 .note.GNU-stack
                0x0000000000000000        0x0 grayscale_sparrow.o
 .note.GNU-stack
                0x0000000000000000        0x0 printf.o

.riscv.attributes
                0x0000000000000000       0x2b
 .riscv.attributes
                0x0000000000000000       0x2b grayscale_sparrow.o
 .riscv.attributes
                0x000000000000002b       0x2b printf.o
