
Discarded input sections

 .llvm_addrsig  0x0000000000000000        0x5 grayscale.o
 .llvm_addrsig  0x0000000000000000        0x7 printf.o

Memory Configuration

Name             Origin             Length             Attributes
*default*        0x0000000000000000 0xffffffffffffffff

Linker script and memory map

LOAD /opt/riscv/lib/gcc/riscv64-unknown-elf/12.2.0/rv32im/ilp32/libgcc.a
LOAD crt0.o
LOAD grayscale.o
LOAD printf.o
LOAD /opt/riscv/lib/gcc/riscv64-unknown-elf/12.2.0/rv32im/ilp32/libgcc.a
START GROUP
LOAD /opt/riscv/lib/gcc/riscv64-unknown-elf/12.2.0/../../../../riscv64-unknown-elf/lib/rv32im/ilp32/libc.a
LOAD /opt/riscv/lib/gcc/riscv64-unknown-elf/12.2.0/../../../../riscv64-unknown-elf/lib/rv32im/ilp32/libgloss.a
END GROUP
LOAD /opt/riscv/lib/gcc/riscv64-unknown-elf/12.2.0/rv32im/ilp32/libgcc.a
                0x0000000000000000                . = 0x0

.text           0x0000000000000000      0xca4
 *(.text*)
 .text          0x0000000000000000        0x0 crt0.o
 .text.init     0x0000000000000000       0x44 crt0.o
                0x0000000000000000                _start
                0x0000000000000016                _finish
 *fill*         0x0000000000000044        0x0 
 .text          0x0000000000000044      0x3b6 grayscale.o
                0x0000000000000044                grayscale
                0x00000000000000fe                print_in
                0x00000000000001b0                print
                0x000000000000025a                init
                0x0000000000000364                main
 *fill*         0x00000000000003fa        0x2 
 .text          0x00000000000003fc      0x8a8 printf.o
                0x00000000000003fc                whisperPrintfImpl
                0x0000000000000b6e                whisperPrintf
                0x0000000000000bae                putchar
                0x0000000000000bc8                putc
                0x0000000000000be6                puts
                0x0000000000000c00                printf
                0x0000000000000c42                get_mcycle
                0x0000000000000ca4                _end = .
                0x0000000000010000                . = 0x10000

.data           0x0000000000010000       0xb3
 *(.*data)
 .rodata        0x0000000000010000       0x84 printf.o
 *(.rodata*)
 .rodata.str1.1
                0x0000000000010084       0x2f grayscale.o
                                         0x3b (size before relaxing)
                0x000000000001c0c0                STACK = (ALIGN (0x10) + 0xc000)

.rela.dyn       0x00000000000100b4        0x0
 .rela.text.init
                0x00000000000100b4        0x0 crt0.o

.bss            0x00000000000100b3    0x10000
 *(.bss)
 .bss           0x00000000000100b3    0x10000 grayscale.o
                0x00000000000100b3                source
                0x00000000d0580000                . = 0xd0580000

.data.io        0x00000000d0580000        0x4
 *(.data.io)
 .data.io       0x00000000d0580000        0x4 crt0.o
                0x00000000d0580000                tohost
OUTPUT(grayscale.exe elf32-littleriscv)

.comment        0x0000000000000000       0x70
 .comment       0x0000000000000000       0x70 grayscale.o
                                         0x71 (size before relaxing)
 .comment       0x0000000000000070       0x71 printf.o

.note.GNU-stack
                0x0000000000000000        0x0
 .note.GNU-stack
                0x0000000000000000        0x0 grayscale.o
 .note.GNU-stack
                0x0000000000000000        0x0 printf.o

.riscv.attributes
                0x0000000000000000       0x2b
 .riscv.attributes
                0x0000000000000000       0x2b grayscale.o
 .riscv.attributes
                0x000000000000002b       0x2b printf.o
